
> pharmate-server@0.1.0 dev
> node --watch src/index.js

[cron] starting — reminders every minute (FCM off, local-only), missed-sweep every 5 min
PharMate server listening on http://localhost:3000
Restarting 'src/index.js'
[cron] starting — reminders every minute (FCM off, local-only), missed-sweep every 5 min
PharMate server listening on http://localhost:3000
Restarting 'src/index.js'
[cron] starting — reminders every minute (FCM off, local-only), missed-sweep every 5 min
PharMate server listening on http://localhost:3000
Restarting 'src/index.js'
[cron] starting — reminders every minute (FCM off, local-only), missed-sweep every 5 min
PharMate server listening on http://localhost:3000
Restarting 'src/index.js'
[cron] starting — reminders every minute (FCM off, local-only), missed-sweep every 5 min
PharMate server listening on http://localhost:3000
Restarting 'src/index.js'
[cron] starting — reminders every minute (FCM off, local-only), missed-sweep every 5 min
PharMate server listening on http://localhost:3000
Restarting 'src/index.js'
[cron] starting — reminders every minute (FCM off, local-only), missed-sweep every 5 min
PharMate server listening on http://localhost:3000
Restarting 'src/index.js'
[cron] starting — reminders every minute (FCM off, local-only), missed-sweep every 5 min
PharMate server listening on http://localhost:3000
i/patient/loyalty [36m304[0m 71.854 ms - -[0m
[0mGET /api/patient/medications [36m304[0m 83.853 ms - -[0m
[0mGET /api/directory/branches [36m304[0m 8.630 ms - -[0m
[0mGET /api/patient/orders [36m304[0m 11.303 ms - -[0m
[0mGET /api/patient/loyalty [36m304[0m 6.185 ms - -[0m
Restarting 'src/index.js'
[cron] starting — reminders every minute (FCM off, local-only), missed-sweep every 5 min
PharMate server listening on http://localhost:3000
Restarting 'src/index.js'
[cron] starting — reminders every minute (FCM off, local-only), missed-sweep every 5 min
PharMate server listening on http://localhost:3000
Restarting 'src/index.js'
[cron] starting — reminders every minute (FCM off, local-only), missed-sweep every 5 min
PharMate server listening on http://localhost:3000
